Testing FOR loop break...
  1  2  3  4  5
Breaking FOR loop at i = 5
After FOR loop.

Testing WHILE loop break...
  1  2  3  4  5  6
Breaking WHILE loop at i = 6
After WHILE loop.

Testing REPEAT loop break...
  1  2  3  4  5  6  7
Breaking REPEAT loop at i = 7
After REPEAT loop.

