--- Command Line Parameter Test ---
ParamCount reported: 0

No command line parameters were provided (after the program name).

--- Test Complete ---
