After first round:
total=11
aces=1
After expression round:
total=16
aces=5
After final subtraction:
total=11
aces=5
