MKDIR PASS
FIND PASS
GETFATTR FILE PASS
GETFATTR DIR PASS
GETENV PASS
GETDATE FAIL
GETTIME PASS
EXEC PASS
RMDIR PASS
