PASS: Dynamic array SetLength preserves contents and defaults
