Color a is Red
Enums compare not equal
Enums compare greater
