Alice is busy on ENUM(day, ord: 0)
Alice is busy on ENUM(day, ord: 2)
