START: First name: PASS
START: First age: PASS
START: Second name: PASS
START: Second age: PASS
