PASS: Nested routines can access outer vars
currentline=2
outtext=changed
