InnerFunc=9
currentline=2
outtext=changed
CharAt(2)=h
g=7
