PASS: VAR array accessed through multiple nested procedures
