after Increment: outValue=42
global out identifier=3
local out identifier=10
