Student 1: id = 101, name = Alice
Student 2: id = 102, name = Bob
