Succ(cRed): PASS
Succ(cGreen): PASS
Succ(cBlue): PASS
