After Accelerate: targetFps=153.000 frameDelay=6.000 deltaTime=0.006536 minSpeed=294.000 maxSpeed=1666.000 cameraDistance=1201.200
Ball 0: pos=( -120.000 -> -118.183, -60.000 -> -58.962, -180.000 -> -178.442) vel=( 294.000, 294.000, 294.000) screenR=( 0.000 -> 33.444) depthShade=( -1.000 -> 0.668) light=0.000 -> 0.764 highlight=0.000 -> 0.471 highlightPos=( 451.353, 452.086) highlightRadius=15.050
Ball 1: pos=( 96.000 -> 94.702, 42.000 -> 43.363, -220.000 -> -220.584) vel=( -294.000, 294.000, -294.000) screenR=( 0.000 -> 26.553) depthShade=( -1.000 -> 0.767) light=0.000 -> 0.859 highlight=0.000 -> 0.646 highlightPos=( 778.885, 299.855) highlightRadius=11.949
Ball 2: pos=( 0.000 -> 1.038, -120.000 -> -120.389, -260.000 -> -262.142) vel=( 294.000, -294.000, -327.690) screenR=( 0.000 -> 37.264) depthShade=( -1.000 -> 0.864) light=0.000 -> 0.790 highlight=0.000 -> 0.514 highlightPos=( 636.045, 534.311) highlightRadius=16.769
Mutation flags: pos=true screenRadius=true depthShade=true lightIntensity=true highlight=true
