Index | posX (manual vs builtin) | posY | posZ | screenR | depthShade
0 | -118.010 vs -118.010 | -57.015 vs -57.015 | -356.020 vs -356.020 | 18.850 vs 18.850 | 0.339 vs 0.339
1 | 93.015 vs 93.015 | 45.483 vs 45.483 | -822.487 vs -822.487 | 16.072 vs 16.072 | 0.456 vs 0.456
2 | 1.492 vs 1.492 | -120.995 vs -120.995 | -1445.473 vs -1445.473 | 13.530 vs 13.530 | 0.611 vs 0.611
