R1
R0
R1
A skip
B hit
vals:false true true false true
