parent start
child1 start
child1 end
joined child1
child2 start
child2 end
joined child2
parent end
