12 ^ 10 = 6
1 ^ 0 = 1
1 ^ 1 = 0
0 ^ 0 = 0
logical (1 ^ 0) = TRUE
